[debug] [2026-09-04T21:02:28.723Z] ----------------------------------------------------------------------
[debug] [2026-09-04T21:02:28.725Z] Command:       /usr/local/bin/node /Users/sarv/.npm/_npx/ba4f1959e38407b5/node_modules/.bin/firebase deploy --only auth --project sarwesv-portfolio-app
[debug] [2026-09-04T21:02:28.725Z] CLI Version:   15.29.0
[debug] [2026-09-04T21:02:28.725Z] Platform:      darwin
[debug] [2026-09-04T21:02:28.725Z] Node Version:  v24.13.1
[debug] [2026-09-04T21:02:28.725Z] Detected Agent: antigravity
[debug] [2026-09-04T21:02:28.725Z] Time:          Fri Sep 04 2026 17:02:28 GMT-0400 (Eastern Daylight Time)
[debug] [2026-09-04T21:02:28.725Z] ----------------------------------------------------------------------
[debug] 
[debug] [2026-09-04T21:02:29.501Z] Object "/auth/providers/googleSignIn" in "firebase.json" has unknown property: {"additionalProperty":"authorizedDomains"}
[debug] [2026-09-04T21:02:29.503Z] > command requires scopes: ["email","openid","https://www.googleapis.com/auth/cloudplatformprojects.readonly","https://www.googleapis.com/auth/firebase","https://www.googleapis.com/auth/cloud-platform"]
[debug] [2026-09-04T21:02:29.504Z] > authorizing via signed-in user (mogalt@gmail.com)
[debug] [2026-09-04T21:02:29.504Z] [iam] checking project sarwesv-portfolio-app for permissions ["firebase.projects.get","firebase.projects.update","firebaseauth.configs.update"]
[debug] [2026-09-04T21:02:29.516Z] Checked if tokens are valid: true, expires at: 1788558840709
[debug] [2026-09-04T21:02:29.516Z] Checked if tokens are valid: true, expires at: 1788558840709
[debug] [2026-09-04T21:02:29.516Z] >>> [apiv2][query] POST https://cloudresourcemanager.googleapis.com/v1/projects/sarwesv-portfolio-app:testIamPermissions [none]
[debug] [2026-09-04T21:02:29.516Z] >>> [apiv2][(partial)header] POST https://cloudresourcemanager.googleapis.com/v1/projects/sarwesv-portfolio-app:testIamPermissions  x-goog-user-project=sarwesv-portfolio-app
[debug] [2026-09-04T21:02:29.516Z] >>> [apiv2][body] POST https://cloudresourcemanager.googleapis.com/v1/projects/sarwesv-portfolio-app:testIamPermissions {"permissions":["firebase.projects.get","firebase.projects.update","firebaseauth.configs.update"]}
[debug] [2026-09-04T21:02:29.735Z] <<< [apiv2][status] POST https://cloudresourcemanager.googleapis.com/v1/projects/sarwesv-portfolio-app:testIamPermissions 200
[debug] [2026-09-04T21:02:29.735Z] <<< [apiv2][body] POST https://cloudresourcemanager.googleapis.com/v1/projects/sarwesv-portfolio-app:testIamPermissions {"permissions":["firebase.projects.get","firebase.projects.update","firebaseauth.configs.update"]}
[info] 
[info] === Deploying to 'sarwesv-portfolio-app'...
[info] 
[info] i  deploying auth 
[debug] [2026-09-04T21:02:29.736Z] Checked if tokens are valid: true, expires at: 1788558840709
[debug] [2026-09-04T21:02:29.736Z] Checked if tokens are valid: true, expires at: 1788558840709
[debug] [2026-09-04T21:02:29.737Z] >>> [apiv2][query] GET https://firebase.googleapis.com/v1beta1/projects/sarwesv-portfolio-app/webApps pageSize=100
[debug] [2026-09-04T21:02:30.115Z] <<< [apiv2][status] GET https://firebase.googleapis.com/v1beta1/projects/sarwesv-portfolio-app/webApps 200
[debug] [2026-09-04T21:02:30.115Z] <<< [apiv2][body] GET https://firebase.googleapis.com/v1beta1/projects/sarwesv-portfolio-app/webApps {"apps":[{"name":"projects/sarwesv-portfolio-app/webApps/1:442158153809:web:ea0a9f40fd8a917fce3870","appId":"1:442158153809:web:ea0a9f40fd8a917fce3870","displayName":"sarwesv-portfolio-web","projectId":"sarwesv-portfolio-app","webId":"ZGE1NTYxMjItMmVmNi00MmU4LTgxYzQtMjMyYzI2NTU2ZWNj","apiKeyId":"ab68faf9-ae80-4958-818a-908ea74e835f","state":"ACTIVE","expireTime":"1970-01-01T00:00:00Z","etag":"1_e4b6d3ee-b520-4f45-9daa-d626679b33c4"}]}
[info] Enabling auth providers: Google sign-in...
[debug] [2026-09-04T21:02:30.117Z] [provision] Starting Firebase app provisioning...
[debug] [2026-09-04T21:02:30.117Z] [provision] Request: {
  "appNamespace": "1:442158153809:web:ea0a9f40fd8a917fce3870",
  "parent": "projects/sarwesv-portfolio-app",
  "firebaseAuthInput": {
    "googleSigninProviderMode": "PROVIDER_ENABLED",
    "googleSigninProviderConfig": {
      "publicDisplayName": "sarwesv Portfolio",
      "customerSupportEmail": "mogalt@gmail.com"
    }
  },
  "webInput": {}
}
[debug] [2026-09-04T21:02:30.117Z] Checked if tokens are valid: true, expires at: 1788558840709
[debug] [2026-09-04T21:02:30.117Z] Checked if tokens are valid: true, expires at: 1788558840709
[debug] [2026-09-04T21:02:30.117Z] >>> [apiv2][query] POST https://firebase.googleapis.com/v1alpha/firebase:provisionFirebaseApp [none]
[debug] [2026-09-04T21:02:30.117Z] >>> [apiv2][body] POST https://firebase.googleapis.com/v1alpha/firebase:provisionFirebaseApp {"appNamespace":"1:442158153809:web:ea0a9f40fd8a917fce3870","parent":"projects/sarwesv-portfolio-app","firebaseAuthInput":{"googleSigninProviderMode":"PROVIDER_ENABLED","googleSigninProviderConfig":{"publicDisplayName":"sarwesv Portfolio","customerSupportEmail":"mogalt@gmail.com"}},"webInput":{}}
[debug] [2026-09-04T21:02:30.421Z] <<< [apiv2][status] POST https://firebase.googleapis.com/v1alpha/firebase:provisionFirebaseApp 200
[debug] [2026-09-04T21:02:30.421Z] <<< [apiv2][body] POST https://firebase.googleapis.com/v1alpha/firebase:provisionFirebaseApp {"name":"operations/workflows/NWMxOTgyOTktOTk5OS00NTU0LTg2YmMtZDgyYTU0NTUyZTUy"}
[debug] [2026-09-04T21:02:30.421Z] [provision] Operation started: operations/workflows/NWMxOTgyOTktOTk5OS00NTU0LTg2YmMtZDgyYTU0NTUyZTUy
[debug] [2026-09-04T21:02:30.421Z] [provision] Polling for operation completion...
[debug] [2026-09-04T21:02:30.422Z] Checked if tokens are valid: true, expires at: 1788558840709
[debug] [2026-09-04T21:02:30.422Z] Checked if tokens are valid: true, expires at: 1788558840709
[debug] [2026-09-04T21:02:30.423Z] >>> [apiv2][query] GET https://firebase.googleapis.com/v1beta1/operations/workflows/NWMxOTgyOTktOTk5OS00NTU0LTg2YmMtZDgyYTU0NTUyZTUy [none]
[debug] [2026-09-04T21:02:30.624Z] <<< [apiv2][status] GET https://firebase.googleapis.com/v1beta1/operations/workflows/NWMxOTgyOTktOTk5OS00NTU0LTg2YmMtZDgyYTU0NTUyZTUy 200
[debug] [2026-09-04T21:02:30.624Z] <<< [apiv2][body] GET https://firebase.googleapis.com/v1beta1/operations/workflows/NWMxOTgyOTktOTk5OS00NTU0LTg2YmMtZDgyYTU0NTUyZTUy {"name":"operations/workflows/NWMxOTgyOTktOTk5OS00NTU0LTg2YmMtZDgyYTU0NTUyZTUy"}
[debug] [2026-09-04T21:02:30.826Z] [Provision Firebase App Poller] Retrying task index 0
[debug] [2026-09-04T21:02:30.827Z] Checked if tokens are valid: true, expires at: 1788558840709
[debug] [2026-09-04T21:02:30.827Z] Checked if tokens are valid: true, expires at: 1788558840709
[debug] [2026-09-04T21:02:30.827Z] >>> [apiv2][query] GET https://firebase.googleapis.com/v1beta1/operations/workflows/NWMxOTgyOTktOTk5OS00NTU0LTg2YmMtZDgyYTU0NTUyZTUy [none]
[debug] [2026-09-04T21:02:31.109Z] <<< [apiv2][status] GET https://firebase.googleapis.com/v1beta1/operations/workflows/NWMxOTgyOTktOTk5OS00NTU0LTg2YmMtZDgyYTU0NTUyZTUy 200
[debug] [2026-09-04T21:02:31.109Z] <<< [apiv2][body] GET https://firebase.googleapis.com/v1beta1/operations/workflows/NWMxOTgyOTktOTk5OS00NTU0LTg2YmMtZDgyYTU0NTUyZTUy {"name":"operations/workflows/NWMxOTgyOTktOTk5OS00NTU0LTg2YmMtZDgyYTU0NTUyZTUy"}
[debug] [2026-09-04T21:02:31.511Z] [Provision Firebase App Poller] Retrying task index 0
[debug] [2026-09-04T21:02:31.511Z] Checked if tokens are valid: true, expires at: 1788558840709
[debug] [2026-09-04T21:02:31.512Z] Checked if tokens are valid: true, expires at: 1788558840709
[debug] [2026-09-04T21:02:31.512Z] >>> [apiv2][query] GET https://firebase.googleapis.com/v1beta1/operations/workflows/NWMxOTgyOTktOTk5OS00NTU0LTg2YmMtZDgyYTU0NTUyZTUy [none]
[debug] [2026-09-04T21:02:31.733Z] <<< [apiv2][status] GET https://firebase.googleapis.com/v1beta1/operations/workflows/NWMxOTgyOTktOTk5OS00NTU0LTg2YmMtZDgyYTU0NTUyZTUy 200
[debug] [2026-09-04T21:02:31.733Z] <<< [apiv2][body] GET https://firebase.googleapis.com/v1beta1/operations/workflows/NWMxOTgyOTktOTk5OS00NTU0LTg2YmMtZDgyYTU0NTUyZTUy {"name":"operations/workflows/NWMxOTgyOTktOTk5OS00NTU0LTg2YmMtZDgyYTU0NTUyZTUy"}
[debug] [2026-09-04T21:02:32.534Z] [Provision Firebase App Poller] Retrying task index 0
[debug] [2026-09-04T21:02:32.535Z] Checked if tokens are valid: true, expires at: 1788558840709
[debug] [2026-09-04T21:02:32.535Z] Checked if tokens are valid: true, expires at: 1788558840709
[debug] [2026-09-04T21:02:32.535Z] >>> [apiv2][query] GET https://firebase.googleapis.com/v1beta1/operations/workflows/NWMxOTgyOTktOTk5OS00NTU0LTg2YmMtZDgyYTU0NTUyZTUy [none]
[debug] [2026-09-04T21:02:32.746Z] <<< [apiv2][status] GET https://firebase.googleapis.com/v1beta1/operations/workflows/NWMxOTgyOTktOTk5OS00NTU0LTg2YmMtZDgyYTU0NTUyZTUy 200
[debug] [2026-09-04T21:02:32.747Z] <<< [apiv2][body] GET https://firebase.googleapis.com/v1beta1/operations/workflows/NWMxOTgyOTktOTk5OS00NTU0LTg2YmMtZDgyYTU0NTUyZTUy {"name":"operations/workflows/NWMxOTgyOTktOTk5OS00NTU0LTg2YmMtZDgyYTU0NTUyZTUy"}
[debug] [2026-09-04T21:02:34.348Z] [Provision Firebase App Poller] Retrying task index 0
[debug] [2026-09-04T21:02:34.351Z] Checked if tokens are valid: true, expires at: 1788558840709
[debug] [2026-09-04T21:02:34.351Z] Checked if tokens are valid: true, expires at: 1788558840709
[debug] [2026-09-04T21:02:34.351Z] >>> [apiv2][query] GET https://firebase.googleapis.com/v1beta1/operations/workflows/NWMxOTgyOTktOTk5OS00NTU0LTg2YmMtZDgyYTU0NTUyZTUy [none]
[debug] [2026-09-04T21:02:34.623Z] <<< [apiv2][status] GET https://firebase.googleapis.com/v1beta1/operations/workflows/NWMxOTgyOTktOTk5OS00NTU0LTg2YmMtZDgyYTU0NTUyZTUy 200
[debug] [2026-09-04T21:02:34.624Z] <<< [apiv2][body] GET https://firebase.googleapis.com/v1beta1/operations/workflows/NWMxOTgyOTktOTk5OS00NTU0LTg2YmMtZDgyYTU0NTUyZTUy {"name":"operations/workflows/NWMxOTgyOTktOTk5OS00NTU0LTg2YmMtZDgyYTU0NTUyZTUy"}
[debug] [2026-09-04T21:02:37.825Z] [Provision Firebase App Poller] Retrying task index 0
[debug] [2026-09-04T21:02:37.826Z] Checked if tokens are valid: true, expires at: 1788558840709
[debug] [2026-09-04T21:02:37.826Z] Checked if tokens are valid: true, expires at: 1788558840709
[debug] [2026-09-04T21:02:37.826Z] >>> [apiv2][query] GET https://firebase.googleapis.com/v1beta1/operations/workflows/NWMxOTgyOTktOTk5OS00NTU0LTg2YmMtZDgyYTU0NTUyZTUy [none]
[debug] [2026-09-04T21:02:38.159Z] <<< [apiv2][status] GET https://firebase.googleapis.com/v1beta1/operations/workflows/NWMxOTgyOTktOTk5OS00NTU0LTg2YmMtZDgyYTU0NTUyZTUy 200
[debug] [2026-09-04T21:02:38.160Z] <<< [apiv2][body] GET https://firebase.googleapis.com/v1beta1/operations/workflows/NWMxOTgyOTktOTk5OS00NTU0LTg2YmMtZDgyYTU0NTUyZTUy {"name":"operations/workflows/NWMxOTgyOTktOTk5OS00NTU0LTg2YmMtZDgyYTU0NTUyZTUy"}
